[     248ms] [LOG] [Fast Refresh] rebuilding @ http://localhost:3011/_next/static/chunks/node_modules_next_dist_115brz8._.js:2431
[    6535ms] [LOG] [Fast Refresh] done in 6393ms @ http://localhost:3011/_next/static/chunks/node_modules_next_dist_115brz8._.js:2431
[    6656ms] [LOG] [Fast Refresh] rebuilding @ http://localhost:3011/_next/static/chunks/node_modules_next_dist_115brz8._.js:2431
[   18449ms] [INFO] %cDownload the React DevTools for a better development experience: https://react.dev/link/react-devtools font-weight:bold @ http://localhost:3011/_next/static/chunks/node_modules_next_dist_115brz8._.js:2431
[   19571ms] [LOG] [HMR] connected @ http://localhost:3011/_next/static/chunks/node_modules_next_dist_115brz8._.js:2431
[   21473ms] [LOG] [Fast Refresh] rebuilding @ http://localhost:3011/_next/static/chunks/node_modules_next_dist_115brz8._.js:2431
[   22613ms] [LOG] [Fast Refresh] done in 1267ms @ http://localhost:3011/_next/static/chunks/node_modules_next_dist_115brz8._.js:2431
[   23408ms] [LOG] [Fast Refresh] rebuilding @ http://localhost:3011/_next/static/chunks/node_modules_next_dist_115brz8._.js:2431
[   24181ms] [LOG] [Fast Refresh] done in 874ms @ http://localhost:3011/_next/static/chunks/node_modules_next_dist_115brz8._.js:2431
[   24481ms] [LOG] [Fast Refresh] rebuilding @ http://localhost:3011/_next/static/chunks/node_modules_next_dist_115brz8._.js:2431
[   39855ms] [LOG] [Fast Refresh] done in 15478ms @ http://localhost:3011/_next/static/chunks/node_modules_next_dist_115brz8._.js:2431
[   40175ms] [LOG] [Fast Refresh] rebuilding @ http://localhost:3011/_next/static/chunks/node_modules_next_dist_115brz8._.js:2431
[   40194ms] [LOG] [Fast Refresh] done in 119ms @ http://localhost:3011/_next/static/chunks/node_modules_next_dist_115brz8._.js:2431
[   64658ms] [LOG] [Fast Refresh] rebuilding @ http://localhost:3011/_next/static/chunks/node_modules_next_dist_115brz8._.js:2431
[   65561ms] [LOG] [Fast Refresh] done in 1005ms @ http://localhost:3011/_next/static/chunks/node_modules_next_dist_115brz8._.js:2431
[  394973ms] [LOG] [Fast Refresh] rebuilding @ http://localhost:3011/_next/static/chunks/node_modules_next_dist_115brz8._.js:2431
[  395517ms] [LOG] [Fast Refresh] done in 720ms @ http://localhost:3011/_next/static/chunks/node_modules_next_dist_115brz8._.js:2431
[  397021ms] [LOG] [Fast Refresh] rebuilding @ http://localhost:3011/_next/static/chunks/node_modules_next_dist_115brz8._.js:2431
[  397347ms] [LOG] [Fast Refresh] done in 467ms @ http://localhost:3011/_next/static/chunks/node_modules_next_dist_115brz8._.js:2431
[  397577ms] [LOG] [Fast Refresh] rebuilding @ http://localhost:3011/_next/static/chunks/node_modules_next_dist_115brz8._.js:2431
[  397978ms] [LOG] [Fast Refresh] done in 506ms @ http://localhost:3011/_next/static/chunks/node_modules_next_dist_115brz8._.js:2431
[  398637ms] [LOG] [Fast Refresh] rebuilding @ http://localhost:3011/_next/static/chunks/node_modules_next_dist_115brz8._.js:2431
[  399371ms] [LOG] [Fast Refresh] done in 834ms @ http://localhost:3011/_next/static/chunks/node_modules_next_dist_115brz8._.js:2431
[  399572ms] [LOG] [Fast Refresh] rebuilding @ http://localhost:3011/_next/static/chunks/node_modules_next_dist_115brz8._.js:2431
[  399873ms] [LOG] [Fast Refresh] done in 419ms @ http://localhost:3011/_next/static/chunks/node_modules_next_dist_115brz8._.js:2431
[  400117ms] [LOG] [Fast Refresh] rebuilding @ http://localhost:3011/_next/static/chunks/node_modules_next_dist_115brz8._.js:2431
[  400409ms] [LOG] [Fast Refresh] done in 401ms @ http://localhost:3011/_next/static/chunks/node_modules_next_dist_115brz8._.js:2431
[  400979ms] [LOG] [Fast Refresh] rebuilding @ http://localhost:3011/_next/static/chunks/node_modules_next_dist_115brz8._.js:2431
[  401117ms] [LOG] [Fast Refresh] done in 253ms @ http://localhost:3011/_next/static/chunks/node_modules_next_dist_115brz8._.js:2431
[  401635ms] [LOG] [Fast Refresh] rebuilding @ http://localhost:3011/_next/static/chunks/node_modules_next_dist_115brz8._.js:2431
[  402048ms] [LOG] [Fast Refresh] done in 638ms @ http://localhost:3011/_next/static/chunks/node_modules_next_dist_115brz8._.js:2431
[  402186ms] [LOG] [Fast Refresh] rebuilding @ http://localhost:3011/_next/static/chunks/node_modules_next_dist_115brz8._.js:2431
[  403649ms] [LOG] [Fast Refresh] done in 1566ms @ http://localhost:3011/_next/static/chunks/node_modules_next_dist_115brz8._.js:2431
[  404526ms] [LOG] [Fast Refresh] rebuilding @ http://localhost:3011/_next/static/chunks/node_modules_next_dist_115brz8._.js:2431
[  405054ms] [LOG] [Fast Refresh] done in 680ms @ http://localhost:3011/_next/static/chunks/node_modules_next_dist_115brz8._.js:2431
[  405555ms] [LOG] [Fast Refresh] rebuilding @ http://localhost:3011/_next/static/chunks/node_modules_next_dist_115brz8._.js:2431
[  406207ms] [LOG] [Fast Refresh] done in 825ms @ http://localhost:3011/_next/static/chunks/node_modules_next_dist_115brz8._.js:2431
[  406354ms] [LOG] [Fast Refresh] rebuilding @ http://localhost:3011/_next/static/chunks/node_modules_next_dist_115brz8._.js:2431
[  407085ms] [LOG] [Fast Refresh] done in 859ms @ http://localhost:3011/_next/static/chunks/node_modules_next_dist_115brz8._.js:2431
[  407629ms] [LOG] [Fast Refresh] rebuilding @ http://localhost:3011/_next/static/chunks/node_modules_next_dist_115brz8._.js:2431
[  408833ms] [LOG] [Fast Refresh] done in 1334ms @ http://localhost:3011/_next/static/chunks/node_modules_next_dist_115brz8._.js:2431
[  413017ms] [LOG] [Fast Refresh] rebuilding @ http://localhost:3011/_next/static/chunks/node_modules_next_dist_115brz8._.js:2431
[  413353ms] [LOG] [Fast Refresh] done in 458ms @ http://localhost:3011/_next/static/chunks/node_modules_next_dist_115brz8._.js:2431
[  414248ms] [LOG] [Fast Refresh] rebuilding @ http://localhost:3011/_next/static/chunks/node_modules_next_dist_115brz8._.js:2431
[  414744ms] [LOG] [Fast Refresh] done in 639ms @ http://localhost:3011/_next/static/chunks/node_modules_next_dist_115brz8._.js:2431
[  415200ms] [LOG] [Fast Refresh] rebuilding @ http://localhost:3011/_next/static/chunks/node_modules_next_dist_115brz8._.js:2431
[  415835ms] [LOG] [Fast Refresh] done in 743ms @ http://localhost:3011/_next/static/chunks/node_modules_next_dist_115brz8._.js:2431
[  415977ms] [LOG] [Fast Refresh] rebuilding @ http://localhost:3011/_next/static/chunks/node_modules_next_dist_115brz8._.js:2431
[  417018ms] [LOG] [Fast Refresh] done in 1147ms @ http://localhost:3011/_next/static/chunks/node_modules_next_dist_115brz8._.js:2431
[  417271ms] [LOG] [Fast Refresh] rebuilding @ http://localhost:3011/_next/static/chunks/node_modules_next_dist_115brz8._.js:2431
[  417341ms] [LOG] [Fast Refresh] done in 302ms @ http://localhost:3011/_next/static/chunks/node_modules_next_dist_115brz8._.js:2431
[  418117ms] [LOG] [Fast Refresh] rebuilding @ http://localhost:3011/_next/static/chunks/node_modules_next_dist_115brz8._.js:2431
[  419153ms] [LOG] [Fast Refresh] done in 1152ms @ http://localhost:3011/_next/static/chunks/node_modules_next_dist_115brz8._.js:2431
[  419841ms] [LOG] [Fast Refresh] rebuilding @ http://localhost:3011/_next/static/chunks/node_modules_next_dist_115brz8._.js:2431
[  421042ms] [LOG] [Fast Refresh] done in 1302ms @ http://localhost:3011/_next/static/chunks/node_modules_next_dist_115brz8._.js:2431
[  421199ms] [LOG] [Fast Refresh] rebuilding @ http://localhost:3011/_next/static/chunks/node_modules_next_dist_115brz8._.js:2431
[  421398ms] [LOG] [Fast Refresh] done in 345ms @ http://localhost:3011/_next/static/chunks/node_modules_next_dist_115brz8._.js:2431
[  421680ms] [LOG] [Fast Refresh] rebuilding @ http://localhost:3011/_next/static/chunks/node_modules_next_dist_115brz8._.js:2431
[  423093ms] [LOG] [Fast Refresh] done in 1664ms @ http://localhost:3011/_next/static/chunks/node_modules_next_dist_115brz8._.js:2431
[  423843ms] [LOG] [Fast Refresh] rebuilding @ http://localhost:3011/_next/static/chunks/node_modules_next_dist_115brz8._.js:2431
[  425012ms] [LOG] [Fast Refresh] done in 1300ms @ http://localhost:3011/_next/static/chunks/node_modules_next_dist_115brz8._.js:2431
[  425155ms] [LOG] [Fast Refresh] rebuilding @ http://localhost:3011/_next/static/chunks/node_modules_next_dist_115brz8._.js:2431
[  426268ms] [LOG] [Fast Refresh] done in 1222ms @ http://localhost:3011/_next/static/chunks/node_modules_next_dist_115brz8._.js:2431
[  426809ms] [LOG] [Fast Refresh] rebuilding @ http://localhost:3011/_next/static/chunks/node_modules_next_dist_115brz8._.js:2431
[  427205ms] [LOG] [Fast Refresh] done in 523ms @ http://localhost:3011/_next/static/chunks/node_modules_next_dist_115brz8._.js:2431
[  655884ms] [LOG] [Fast Refresh] rebuilding @ http://localhost:3011/_next/static/chunks/node_modules_next_dist_115brz8._.js:2431
[  656411ms] [LOG] [Fast Refresh] done in 630ms @ http://localhost:3011/_next/static/chunks/node_modules_next_dist_115brz8._.js:2431
[  656822ms] [LOG] [Fast Refresh] rebuilding @ http://localhost:3011/_next/static/chunks/node_modules_next_dist_115brz8._.js:2431
[  656916ms] [LOG] [Fast Refresh] done in 218ms @ http://localhost:3011/_next/static/chunks/node_modules_next_dist_115brz8._.js:2431
[  657248ms] [LOG] [Fast Refresh] rebuilding @ http://localhost:3011/_next/static/chunks/node_modules_next_dist_115brz8._.js:2431
[  657519ms] [LOG] [Fast Refresh] done in 387ms @ http://localhost:3011/_next/static/chunks/node_modules_next_dist_115brz8._.js:2431
[  696587ms] [LOG] [Fast Refresh] rebuilding @ http://localhost:3011/_next/static/chunks/node_modules_next_dist_115brz8._.js:2431
[  697072ms] [LOG] [Fast Refresh] done in 688ms @ http://localhost:3011/_next/static/chunks/node_modules_next_dist_115brz8._.js:2431
[  697515ms] [LOG] [Fast Refresh] rebuilding @ http://localhost:3011/_next/static/chunks/node_modules_next_dist_115brz8._.js:2431
[  698439ms] [LOG] [Fast Refresh] done in 1161ms @ http://localhost:3011/_next/static/chunks/node_modules_next_dist_115brz8._.js:2431
[  698594ms] [LOG] [Fast Refresh] rebuilding @ http://localhost:3011/_next/static/chunks/node_modules_next_dist_115brz8._.js:2431
[  699300ms] [LOG] [Fast Refresh] done in 857ms @ http://localhost:3011/_next/static/chunks/node_modules_next_dist_115brz8._.js:2431
[  699535ms] [LOG] [Fast Refresh] rebuilding @ http://localhost:3011/_next/static/chunks/node_modules_next_dist_115brz8._.js:2431
[  700669ms] [LOG] [Fast Refresh] done in 1348ms @ http://localhost:3011/_next/static/chunks/node_modules_next_dist_115brz8._.js:2431
[  704134ms] [LOG] [Fast Refresh] rebuilding @ http://localhost:3011/_next/static/chunks/node_modules_next_dist_115brz8._.js:2431
[  704647ms] [LOG] [Fast Refresh] done in 655ms @ http://localhost:3011/_next/static/chunks/node_modules_next_dist_115brz8._.js:2431
[  704772ms] [LOG] [Fast Refresh] rebuilding @ http://localhost:3011/_next/static/chunks/node_modules_next_dist_115brz8._.js:2431
[  704974ms] [LOG] [Fast Refresh] done in 310ms @ http://localhost:3011/_next/static/chunks/node_modules_next_dist_115brz8._.js:2431
[  705253ms] [LOG] [Fast Refresh] rebuilding @ http://localhost:3011/_next/static/chunks/node_modules_next_dist_115brz8._.js:2431
[  705447ms] [LOG] [Fast Refresh] done in 298ms @ http://localhost:3011/_next/static/chunks/node_modules_next_dist_115brz8._.js:2431
[  705646ms] [LOG] [Fast Refresh] rebuilding @ http://localhost:3011/_next/static/chunks/node_modules_next_dist_115brz8._.js:2431
[  706960ms] [LOG] [Fast Refresh] done in 1419ms @ http://localhost:3011/_next/static/chunks/node_modules_next_dist_115brz8._.js:2431
[  707096ms] [LOG] [Fast Refresh] rebuilding @ http://localhost:3011/_next/static/chunks/node_modules_next_dist_115brz8._.js:2431
[  707692ms] [LOG] [Fast Refresh] done in 714ms @ http://localhost:3011/_next/static/chunks/node_modules_next_dist_115brz8._.js:2431
[  787862ms] [LOG] Attempting reconnect in 1030ms @ http://localhost:3011/_next/static/chunks/node_modules_next_dist_115brz8._.js:2431
[  788527ms] [LOG] [Fast Refresh] rebuilding @ http://localhost:3011/_next/static/chunks/node_modules_next_dist_115brz8._.js:2431
[  788853ms] [LOG] [Fast Refresh] done in 472ms @ http://localhost:3011/_next/static/chunks/node_modules_next_dist_115brz8._.js:2431
[  789503ms] [LOG] [Fast Refresh] rebuilding @ http://localhost:3011/_next/static/chunks/node_modules_next_dist_115brz8._.js:2431
[  789636ms] [LOG] [Fast Refresh] done in 290ms @ http://localhost:3011/_next/static/chunks/node_modules_next_dist_115brz8._.js:2431
[  789941ms] [LOG] [Fast Refresh] rebuilding @ http://localhost:3011/_next/static/chunks/node_modules_next_dist_115brz8._.js:2431
[  789963ms] [LOG] WebSocket reconnected at t=789.9s after disconnect due to CloudFlare WebSocket proxy restarting @ http://localhost:3011/_next/static/chunks/node_modules_next_dist_115brz8._.js:2431
[  792369ms] [LOG] [Fast Refresh] done in 2549ms @ http://localhost:3011/_next/static/chunks/node_modules_next_dist_115brz8._.js:2431
[  792539ms] [LOG] [Fast Refresh] rebuilding @ http://localhost:3011/_next/static/chunks/node_modules_next_dist_115brz8._.js:2431
[  794413ms] [LOG] [Fast Refresh] done in 2025ms @ http://localhost:3011/_next/static/chunks/node_modules_next_dist_115brz8._.js:2431
[  952779ms] [ERROR] WebSocket connection to 'ws://localhost:3011/_next/webpack-hmr?id=fLP7W0n92BOu2BFN72RTV' failed: Error in connection establishment: net::ERR_CONNECTION_REFUSED @ http://localhost:3011/_next/static/chunks/node_modules_next_dist_client_0fhqo1d._.js:13299
[  956119ms] [ERROR] WebSocket connection to 'ws://localhost:3011/_next/webpack-hmr?id=fLP7W0n92BOu2BFN72RTV' failed: Error in connection establishment: net::ERR_CONNECTION_REFUSED @ http://localhost:3011/_next/static/chunks/node_modules_next_dist_client_0fhqo1d._.js:13299
[  959466ms] [ERROR] WebSocket connection to 'ws://localhost:3011/_next/webpack-hmr?id=fLP7W0n92BOu2BFN72RTV' failed: Error in connection establishment: net::ERR_CONNECTION_REFUSED @ http://localhost:3011/_next/static/chunks/node_modules_next_dist_client_0fhqo1d._.js:13299
[  962806ms] [ERROR] WebSocket connection to 'ws://localhost:3011/_next/webpack-hmr?id=fLP7W0n92BOu2BFN72RTV' failed: Error in connection establishment: net::ERR_CONNECTION_REFUSED @ http://localhost:3011/_next/static/chunks/node_modules_next_dist_client_0fhqo1d._.js:13299
[  966154ms] [ERROR] WebSocket connection to 'ws://localhost:3011/_next/webpack-hmr?id=fLP7W0n92BOu2BFN72RTV' failed: Error in connection establishment: net::ERR_CONNECTION_REFUSED @ http://localhost:3011/_next/static/chunks/node_modules_next_dist_client_0fhqo1d._.js:13299
[  973481ms] [ERROR] WebSocket connection to 'ws://localhost:3011/_next/webpack-hmr?id=fLP7W0n92BOu2BFN72RTV' failed: Error in connection establishment: net::ERR_CONNECTION_REFUSED @ http://localhost:3011/_next/static/chunks/node_modules_next_dist_client_0fhqo1d._.js:13299
[  980804ms] [ERROR] WebSocket connection to 'ws://localhost:3011/_next/webpack-hmr?id=fLP7W0n92BOu2BFN72RTV' failed: Error in connection establishment: net::ERR_CONNECTION_REFUSED @ http://localhost:3011/_next/static/chunks/node_modules_next_dist_client_0fhqo1d._.js:13299
[  988137ms] [ERROR] WebSocket connection to 'ws://localhost:3011/_next/webpack-hmr?id=fLP7W0n92BOu2BFN72RTV' failed: Error in connection establishment: net::ERR_CONNECTION_REFUSED @ http://localhost:3011/_next/static/chunks/node_modules_next_dist_client_0fhqo1d._.js:13299
[  995487ms] [ERROR] WebSocket connection to 'ws://localhost:3011/_next/webpack-hmr?id=fLP7W0n92BOu2BFN72RTV' failed: Error in connection establishment: net::ERR_CONNECTION_REFUSED @ http://localhost:3011/_next/static/chunks/node_modules_next_dist_client_0fhqo1d._.js:13299
[ 1002812ms] [ERROR] WebSocket connection to 'ws://localhost:3011/_next/webpack-hmr?id=fLP7W0n92BOu2BFN72RTV' failed: Error in connection establishment: net::ERR_CONNECTION_REFUSED @ http://localhost:3011/_next/static/chunks/node_modules_next_dist_client_0fhqo1d._.js:13299
[ 1010146ms] [ERROR] WebSocket connection to 'ws://localhost:3011/_next/webpack-hmr?id=fLP7W0n92BOu2BFN72RTV' failed: Error in connection establishment: net::ERR_CONNECTION_REFUSED @ http://localhost:3011/_next/static/chunks/node_modules_next_dist_client_0fhqo1d._.js:13299
[ 1017503ms] [ERROR] WebSocket connection to 'ws://localhost:3011/_next/webpack-hmr?id=fLP7W0n92BOu2BFN72RTV' failed: Error in connection establishment: net::ERR_CONNECTION_REFUSED @ http://localhost:3011/_next/static/chunks/node_modules_next_dist_client_0fhqo1d._.js:13299
[ 1063766ms] [INFO] %cDownload the React DevTools for a better development experience: https://react.dev/link/react-devtools font-weight:bold @ http://localhost:3011/_next/static/chunks/node_modules_next_dist_115brz8._.js:2431
[ 1063810ms] [LOG] [HMR] connected @ http://localhost:3011/_next/static/chunks/node_modules_next_dist_115brz8._.js:2431
[ 1075629ms] [LOG] [Fast Refresh] rebuilding @ http://localhost:3011/_next/static/chunks/node_modules_next_dist_115brz8._.js:2431
[ 1075867ms] [LOG] [Fast Refresh] done in 342ms @ http://localhost:3011/_next/static/chunks/node_modules_next_dist_115brz8._.js:2431
