[     145ms] [LOG] [Fast Refresh] rebuilding @ http://localhost:3011/_next/static/chunks/node_modules_next_dist_115brz8._.js:2431
[     726ms] [LOG] [Fast Refresh] done in 687ms @ http://localhost:3011/_next/static/chunks/node_modules_next_dist_115brz8._.js:2431
[     950ms] [INFO] %cDownload the React DevTools for a better development experience: https://react.dev/link/react-devtools font-weight:bold @ http://localhost:3011/_next/static/chunks/node_modules_next_dist_115brz8._.js:2431
[     987ms] [LOG] [HMR] connected @ http://localhost:3011/_next/static/chunks/node_modules_next_dist_115brz8._.js:2431
[    1202ms] [LOG] [Fast Refresh] rebuilding @ http://localhost:3011/_next/static/chunks/node_modules_next_dist_115brz8._.js:2431
[    1406ms] [LOG] [Fast Refresh] done in 310ms @ http://localhost:3011/_next/static/chunks/node_modules_next_dist_115brz8._.js:2431
[  350267ms] [LOG] [Fast Refresh] rebuilding @ http://localhost:3011/_next/static/chunks/node_modules_next_dist_115brz8._.js:2431
[  350539ms] [LOG] [Fast Refresh] done in 378ms @ http://localhost:3011/_next/static/chunks/node_modules_next_dist_115brz8._.js:2431
[  359142ms] [LOG] [Fast Refresh] rebuilding @ http://localhost:3011/_next/static/chunks/node_modules_next_dist_115brz8._.js:2431
[  386501ms] [LOG] [Fast Refresh] done in 27461ms @ http://localhost:3011/_next/static/chunks/node_modules_next_dist_115brz8._.js:2431
[  386603ms] [LOG] [Fast Refresh] rebuilding @ http://localhost:3011/_next/static/chunks/node_modules_next_dist_115brz8._.js:2431
[  392497ms] [LOG] [Fast Refresh] done in 5995ms @ http://localhost:3011/_next/static/chunks/node_modules_next_dist_115brz8._.js:2431
[  392817ms] [LOG] [Fast Refresh] rebuilding @ http://localhost:3011/_next/static/chunks/node_modules_next_dist_115brz8._.js:2431
[  392888ms] [LOG] [Fast Refresh] done in 181ms @ http://localhost:3011/_next/static/chunks/node_modules_next_dist_115brz8._.js:2431
[  393061ms] [LOG] [Fast Refresh] rebuilding @ http://localhost:3011/_next/static/chunks/node_modules_next_dist_115brz8._.js:2431
[  393088ms] [LOG] [Fast Refresh] done in 129ms @ http://localhost:3011/_next/static/chunks/node_modules_next_dist_115brz8._.js:2431
[  466550ms] [LOG] [Fast Refresh] rebuilding @ http://localhost:3011/_next/static/chunks/node_modules_next_dist_115brz8._.js:2431
[  467706ms] [LOG] [Fast Refresh] done in 1141ms @ http://localhost:3011/_next/static/chunks/node_modules_next_dist_115brz8._.js:2431
[  481173ms] [LOG] [Fast Refresh] rebuilding @ http://localhost:3011/_next/static/chunks/node_modules_next_dist_115brz8._.js:2431
[  482478ms] [LOG] [Fast Refresh] done in 1410ms @ http://localhost:3011/_next/static/chunks/node_modules_next_dist_115brz8._.js:2431
